Archive member included because of file (symbol)

c:\program files (x86)\renesas\hew\tools\kpit\gnush-elf\v13.01\sh-elf\lib\gcc\sh-elf\4.7-GNUSH_v13.01\m4\libgcc.a(_set_fpscr.o)
                              C:\WorkSpace\TEST2\TEST2\Debug\TEST2.o (__fpscr_values)

Allocating common symbols
Common symbol       size              file

__fpscr_values      0x8               c:\program files (x86)\renesas\hew\tools\kpit\gnush-elf\v13.01\sh-elf\lib\gcc\sh-elf\4.7-GNUSH_v13.01\m4\libgcc.a(_set_fpscr.o)

Memory Configuration

Name             Origin             Length             Attributes
*default*        0x0000000000000000 0xffffffffffffffff

Linker script and memory map


Zero
 *(.vects)

INTHanlder

.text           0x0000000000001000       0x1c
 *(.text)
 .text          0x0000000000001000        0x0 C:\WorkSpace\TEST2\TEST2\Debug\TEST2.o
 .text          0x0000000000001000        0x0 C:\WorkSpace\TEST2\TEST2\Debug\tables_test.o
 .text          0x0000000000001000        0x0 C:\WorkSpace\TEST2\TEST2\Debug\ROMHolesForCode.o
 .text          0x0000000000001000        0x0 C:\WorkSpace\TEST2\TEST2\Debug\RomAddresses.o
 .text          0x0000000000001000       0x1c c:\program files (x86)\renesas\hew\tools\kpit\gnush-elf\v13.01\sh-elf\lib\gcc\sh-elf\4.7-GNUSH_v13.01\m4\libgcc.a(_set_fpscr.o)
                0x0000000000001000                __set_fpscr
 *(.text.*)
                0x000000000000101c                etext = .

.init
 *(.init)

.fini
 *(.fini)

.got
 *(.got)
 *(.got.plt)

.rodata         0x000000000000101c        0x0
 *(.rodata)
 *(.rodata.*)
                0x000000000000101c                _erodata = .

.eh_frame_hdr
 *(.eh_frame_hdr)

.eh_frame
 *(.eh_frame)

.jcr
 *(.jcr)

.tors           0x000000000000101c        0x0
                0x000000000000101c                __CTOR_LIST__ = .
                0x000000000000101c                ___ctors = .
 *(.ctors)
                0x000000000000101c                ___ctors_end = .
                0x000000000000101c                __CTOR_END__ = .
                0x000000000000101c                __DTOR_LIST__ = .
                0x000000000000101c                ___dtors = .
 *(.dtors)
                0x000000000000101c                ___dtors_end = .
                0x000000000000101c                __DTOR_END__ = .
                0x000000000000101c                _mdata = .

RomHeader       0x0000000000002000        0xb
 RomHeader      0x0000000000002000        0xb C:\WorkSpace\TEST2\TEST2\Debug\ROMHolesForCode.o

RSTHandler

kill_1

kill_2

Flex_Init_Address
                0x0000000000011340        0x4
 Flex_Init_Address
                0x0000000000011340        0x4 C:\WorkSpace\TEST2\TEST2\Debug\RomAddresses.o

Flex_Patch2

TrailingPointerPatch
                0x00000000000120e8        0x4
 TrailingPointerPatch
                0x00000000000120e8        0x4 C:\WorkSpace\TEST2\TEST2\Debug\TEST2.o
                0x00000000000120e8                timing_adder_trailing_ptr

LeadingPointerPatch
                0x0000000000012178        0x4
 LeadingPointerPatch
                0x0000000000012178        0x4 C:\WorkSpace\TEST2\TEST2\Debug\TEST2.o
                0x0000000000012178                timing_adder_leading_ptr

Flex_Patch_Address
                0x0000000000014404        0x4
 Flex_Patch_Address
                0x0000000000014404        0x4 C:\WorkSpace\TEST2\TEST2\Debug\RomAddresses.o

Ethanol_Content_Update
                0x000000000001a938        0x4
 Ethanol_Content_Update
                0x000000000001a938        0x4 C:\WorkSpace\TEST2\TEST2\Debug\RomAddresses.o

Flex_CAN_216_pase_bypass
                0x0000000000029784        0x2
 Flex_CAN_216_pase_bypass
                0x0000000000029784        0x2 C:\WorkSpace\TEST2\TEST2\Debug\RomAddresses.o

Flex_CAN_Unpack_Address
                0x0000000000029860       0x42
 Flex_CAN_Unpack_Address
                0x0000000000029860       0x42 C:\WorkSpace\TEST2\TEST2\Debug\TEST2.o
                0x0000000000029860                flexCANUnpack

Flex_CAN_Unpack_Address_END

FlexCANStruct   0x000000000004bd24       0x10
 FlexCANStruct  0x000000000004bd24       0x10 C:\WorkSpace\TEST2\TEST2\Debug\TEST2.o
                0x000000000004bd24                flex_can_setup

Mode22EthanolPatch
                0x00000000000538ac        0x2
 Mode22EthanolPatch
                0x00000000000538ac        0x2 C:\WorkSpace\TEST2\TEST2\Debug\RomAddresses.o

RomHole_ForCode
                0x000000000006b914      0x35d
 *(.rodata)
 RomHole_ForCode
                0x000000000006b914      0x340 C:\WorkSpace\TEST2\TEST2\Debug\TEST2.o
                0x000000000006b914                runFlexFuelCalcs
                0x000000000006b944                initFlexFuelCalcs
                0x000000000006b9c4                getEthanolContent
                0x000000000006bb04                getFlexMetrics
                0x000000000006bba8                calcTimingAdders
 RomHole_ForCode
                0x000000000006bc54       0x1d C:\WorkSpace\TEST2\TEST2\Debug\ROMHolesForCode.o

RomHole_calibrations
                0x000000000006c07c      0x535
 RomHole_calibrations
                0x000000000006c07c        0x8 C:\WorkSpace\TEST2\TEST2\Debug\TEST2.o
                0x000000000006c07c                ethanol_content_sample_thresh_rpm
                0x000000000006c080                ethanol_content_sample_thresh_load
 RomHole_calibrations
                0x000000000006c084      0x510 C:\WorkSpace\TEST2\TEST2\Debug\tables_test.o
                0x000000000006c084                ethanol_content_to_fuel_air_ratio_table_2d
                0x000000000006c084                Start_Ethanol_Tables
                0x000000000006c0f0                ethanol_content_to_timing_mult
                0x000000000006c15c                timing_ethanol_adder_leading
                0x000000000006c378                timing_ethanol_adder_trailing
 RomHole_calibrations
                0x000000000006c594       0x1d C:\WorkSpace\TEST2\TEST2\Debug\ROMHolesForCode.o

.rela.dyn       0x000000000006c5b4        0x0
 .relaRomHole_ForCode
                0x0000000000000000        0x0 C:\WorkSpace\TEST2\TEST2\Debug\TEST2.o
 .rela.text     0x0000000000000000        0x0 C:\WorkSpace\TEST2\TEST2\Debug\TEST2.o

CalHeader       0x000000000006d346        0xb
 CalHeader      0x000000000006d346        0xb C:\WorkSpace\TEST2\TEST2\Debug\ROMHolesForCode.o

Flex_CAN_Timeout_Val
                0x000000000006d485        0x1
 Flex_CAN_Timeout_Val
                0x000000000006d485        0x1 C:\WorkSpace\TEST2\TEST2\Debug\TEST2.o
                0x000000000006d485                flex_can_timeout_counts

Misc

.stack          0x0000000073fffbf0        0x0
                0x0000000073fffbf0                _stack = .

.data           0x00000000ffff6000        0x0 load address 0x000000000000101c
                0x00000000ffff6000                _data = .
 *(.data)
 .data          0x00000000ffff6000        0x0 C:\WorkSpace\TEST2\TEST2\Debug\TEST2.o
 .data          0x00000000ffff6000        0x0 C:\WorkSpace\TEST2\TEST2\Debug\tables_test.o
 .data          0x00000000ffff6000        0x0 C:\WorkSpace\TEST2\TEST2\Debug\ROMHolesForCode.o
 .data          0x00000000ffff6000        0x0 C:\WorkSpace\TEST2\TEST2\Debug\RomAddresses.o
 .data          0x00000000ffff6000        0x0 c:\program files (x86)\renesas\hew\tools\kpit\gnush-elf\v13.01\sh-elf\lib\gcc\sh-elf\4.7-GNUSH_v13.01\m4\libgcc.a(_set_fpscr.o)
 *(.data.*)
                0x00000000ffff6000                _edata = .

.gcc_exc
 *(.gcc_exc)

.bss            0x00000000ffff6000        0x8 load address 0x000000000000101c
                0x00000000ffff6000                _bss = .
 *(.bss)
 .bss           0x00000000ffff6000        0x0 C:\WorkSpace\TEST2\TEST2\Debug\TEST2.o
 .bss           0x00000000ffff6000        0x0 C:\WorkSpace\TEST2\TEST2\Debug\tables_test.o
 .bss           0x00000000ffff6000        0x0 C:\WorkSpace\TEST2\TEST2\Debug\ROMHolesForCode.o
 .bss           0x00000000ffff6000        0x0 C:\WorkSpace\TEST2\TEST2\Debug\RomAddresses.o
 .bss           0x00000000ffff6000        0x0 c:\program files (x86)\renesas\hew\tools\kpit\gnush-elf\v13.01\sh-elf\lib\gcc\sh-elf\4.7-GNUSH_v13.01\m4\libgcc.a(_set_fpscr.o)
 *(.bss.*)
 *(COMMON)
 COMMON         0x00000000ffff6000        0x8 c:\program files (x86)\renesas\hew\tools\kpit\gnush-elf\v13.01\sh-elf\lib\gcc\sh-elf\4.7-GNUSH_v13.01\m4\libgcc.a(_set_fpscr.o)
                0x00000000ffff6000                __fpscr_values
                0x00000000ffff6008                _ebss = .
                0x00000000ffff6008                _end = .

RAMHole_forVariables
                0x00000000ffffdd00       0x20
 RAMHole_forVariables
                0x00000000ffffdd00       0x20 C:\WorkSpace\TEST2\TEST2\Debug\TEST2.o
                0x00000000ffffdd00                fuel_air_ratio
                0x00000000ffffdd04                timing_mult
                0x00000000ffffdd08                timing_adder_trailing
                0x00000000ffffdd0c                timing_adder_leading
                0x00000000ffffdd10                ethanol_content_pcnt
                0x00000000ffffdd14                ethanol_content_last_valid_pcnt
                0x00000000ffffdd18                flex_can_valid
                0x00000000ffffdd1c                alive_count
LOAD C:\WorkSpace\TEST2\TEST2\Debug\TEST2.o
LOAD C:\WorkSpace\TEST2\TEST2\Debug\tables_test.o
LOAD C:\WorkSpace\TEST2\TEST2\Debug\ROMHolesForCode.o
LOAD C:\WorkSpace\TEST2\TEST2\Debug\RomAddresses.o
START GROUP
LOAD C:\WorkSpace\TEST2\TEST2\Debug\libTEST2.a
LOAD c:\program files (x86)\renesas\hew\tools\kpit\gnush-elf\v13.01\sh-elf\lib\gcc\sh-elf\4.7-GNUSH_v13.01\m4\libgcc-Os-4-200.a
LOAD c:\program files (x86)\renesas\hew\tools\kpit\gnush-elf\v13.01\sh-elf\lib\gcc\sh-elf\4.7-GNUSH_v13.01\m4\libgcc.a
END GROUP
OUTPUT(C:\WorkSpace\TEST2\TEST2\Debug\TEST2.x elf32-sh)

.debug_info     0x0000000000000000      0x3cd
 .debug_info    0x0000000000000000      0x353 C:\WorkSpace\TEST2\TEST2\Debug\TEST2.o
 .debug_info    0x0000000000000353       0x7a C:\WorkSpace\TEST2\TEST2\Debug\RomAddresses.o

.debug_abbrev   0x0000000000000000       0xd8
 .debug_abbrev  0x0000000000000000       0xc4 C:\WorkSpace\TEST2\TEST2\Debug\TEST2.o
 .debug_abbrev  0x00000000000000c4       0x14 C:\WorkSpace\TEST2\TEST2\Debug\RomAddresses.o

.debug_loc      0x0000000000000000      0x138
 .debug_loc     0x0000000000000000      0x138 C:\WorkSpace\TEST2\TEST2\Debug\TEST2.o

.debug_aranges  0x0000000000000000       0x68
 .debug_aranges
                0x0000000000000000       0x48 C:\WorkSpace\TEST2\TEST2\Debug\TEST2.o
 .debug_aranges
                0x0000000000000048       0x20 C:\WorkSpace\TEST2\TEST2\Debug\RomAddresses.o

.debug_ranges   0x0000000000000000       0x38
 .debug_ranges  0x0000000000000000       0x38 C:\WorkSpace\TEST2\TEST2\Debug\TEST2.o

.debug_line     0x0000000000000000      0x115
 .debug_line    0x0000000000000000       0xbe C:\WorkSpace\TEST2\TEST2\Debug\TEST2.o
 .debug_line    0x00000000000000be       0x57 C:\WorkSpace\TEST2\TEST2\Debug\RomAddresses.o

.debug_str      0x0000000000000000      0x359
 .debug_str     0x0000000000000000      0x359 C:\WorkSpace\TEST2\TEST2\Debug\TEST2.o
                                        0x365 (size before relaxing)

.comment        0x0000000000000000       0x1c
 .comment       0x0000000000000000       0x1c C:\WorkSpace\TEST2\TEST2\Debug\TEST2.o
                                         0x1d (size before relaxing)

.debug_frame    0x0000000000000000       0xc0
 .debug_frame   0x0000000000000000       0xc0 C:\WorkSpace\TEST2\TEST2\Debug\TEST2.o


==============================================================

Listfile generated by KPIT GNUSH [ELF]-v13.01 on Thursday, February 20, 2025, 23:00:36

Build options:

-T "C:\WorkSpace\TEST2\TEST2\Debug\TEST2_Debug_auto.gsi"
-T "C:\WorkSpace\TEST2\TEST2\Debug\TEST2_input.tmp" 
-L "c:\program files (x86)\renesas\hew\tools\kpit\gnush-elf\v13.01\sh-elf\lib\gcc\sh-elf\4.7-GNUSH_v13.01\m4"
-L "C:\WorkSpace\TEST2\TEST2\Debug"
-Map "C:\WorkSpace\TEST2\TEST2\Debug\TEST2.map"
--start-group -l "TEST2" -l "gcc-Os-4-200" -l "gcc" --end-group
-o "C:\WorkSpace\TEST2\TEST2\Debug\TEST2.x"
-e _ResetHandler
-N
INPUT("C:\WorkSpace\TEST2\TEST2\Debug\TEST2.o")
INPUT("C:\WorkSpace\TEST2\TEST2\Debug\tables_test.o")
INPUT("C:\WorkSpace\TEST2\TEST2\Debug\ROMHolesForCode.o")
INPUT("C:\WorkSpace\TEST2\TEST2\Debug\RomAddresses.o")
