Archive member included because of file (symbol)

c:\program files (x86)\renesas\hew\tools\kpit\gnush-elf\v13.01\sh-elf\lib\gcc\sh-elf\4.7-GNUSH_v13.01\m2a\libgcc.a(_set_fpscr.o)
                              C:\WorkSpace\TEST2\TEST2\Release\TEST2.o (__fpscr_values)

Allocating common symbols
Common symbol       size              file

__fpscr_values      0x8               c:\program files (x86)\renesas\hew\tools\kpit\gnush-elf\v13.01\sh-elf\lib\gcc\sh-elf\4.7-GNUSH_v13.01\m2a\libgcc.a(_set_fpscr.o)

Memory Configuration

Name             Origin             Length             Attributes
*default*        0x0000000000000000 0xffffffffffffffff

Linker script and memory map


.vects
 *(.vects)

.text           0x0000000000001000       0x1c
 *(.text)
 .text          0x0000000000001000        0x0 C:\WorkSpace\TEST2\TEST2\Release\TEST2.o
 .text          0x0000000000001000        0x0 C:\WorkSpace\TEST2\TEST2\Release\tables_test.o
 .text          0x0000000000001000        0x0 C:\WorkSpace\TEST2\TEST2\Release\ROMHolesForCode.o
 .text          0x0000000000001000        0x0 C:\WorkSpace\TEST2\TEST2\Release\RomAddresses.o
 .text          0x0000000000001000       0x1c c:\program files (x86)\renesas\hew\tools\kpit\gnush-elf\v13.01\sh-elf\lib\gcc\sh-elf\4.7-GNUSH_v13.01\m2a\libgcc.a(_set_fpscr.o)
                0x0000000000001000                __set_fpscr
 *(.text.*)
                0x000000000000101c                etext = .

RomHole_ForCode
                0x000000000000101c      0x169
                0x000000000000101c                PROVIDE (___start_RomHole_ForCode, .)
 RomHole_ForCode
                0x000000000000101c      0x154 C:\WorkSpace\TEST2\TEST2\Release\TEST2.o
                0x000000000000101c                initFlexFuelCalcs
                0x0000000000001058                getFlexMetrics
                0x00000000000010dc                calcTimingAdders
                0x0000000000001158                runFlexFuelCalcs
 RomHole_ForCode
                0x0000000000001170       0x15 C:\WorkSpace\TEST2\TEST2\Release\ROMHolesForCode.o
                0x0000000000001185                PROVIDE (___stop_RomHole_ForCode, .)

Flex_CAN_Unpack_Address
                0x0000000000001186       0x3c
                0x0000000000001186                PROVIDE (___start_Flex_CAN_Unpack_Address, .)
 Flex_CAN_Unpack_Address
                0x0000000000001186       0x3c C:\WorkSpace\TEST2\TEST2\Release\TEST2.o
                0x0000000000001186                flexCANUnpack
                0x00000000000011c2                PROVIDE (___stop_Flex_CAN_Unpack_Address, .)

Flex_Patch_Address
                0x00000000000011c4        0x4
                0x00000000000011c4                PROVIDE (___start_Flex_Patch_Address, .)
 Flex_Patch_Address
                0x00000000000011c4        0x4 C:\WorkSpace\TEST2\TEST2\Release\RomAddresses.o
                0x00000000000011c8                PROVIDE (___stop_Flex_Patch_Address, .)

Flex_Init_Address
                0x00000000000011c8        0x4
                0x00000000000011c8                PROVIDE (___start_Flex_Init_Address, .)
 Flex_Init_Address
                0x00000000000011c8        0x4 C:\WorkSpace\TEST2\TEST2\Release\RomAddresses.o
                0x00000000000011cc                PROVIDE (___stop_Flex_Init_Address, .)

Flex_CAN_216_pase_bypass
                0x00000000000011cc        0x2
                0x00000000000011cc                PROVIDE (___start_Flex_CAN_216_pase_bypass, .)
 Flex_CAN_216_pase_bypass
                0x00000000000011cc        0x2 C:\WorkSpace\TEST2\TEST2\Release\RomAddresses.o
                0x00000000000011ce                PROVIDE (___stop_Flex_CAN_216_pase_bypass, .)

.init
 *(.init)

.fini
 *(.fini)

.got
 *(.got)
 *(.got.plt)

.rodata         0x00000000000011ce        0x0
 *(.rodata)
 *(.rodata.*)
                0x00000000000011ce                _erodata = .

RomHole_calibrations
                0x00000000000011d0      0x518
                0x00000000000011d0                PROVIDE (___start_RomHole_calibrations, .)
 RomHole_calibrations
                0x00000000000011d0        0x8 C:\WorkSpace\TEST2\TEST2\Release\TEST2.o
                0x00000000000011d0                ethanol_content_sample_thresh_load
                0x00000000000011d4                ethanol_content_sample_thresh_rpm
 RomHole_calibrations
                0x00000000000011d8      0x510 C:\WorkSpace\TEST2\TEST2\Release\tables_test.o
                0x00000000000011d8                ethanol_content_to_fuel_air_ratio_table_2d
                0x00000000000011d8                Start_Ethanol_Tables
                0x0000000000001244                ethanol_content_to_timing_mult
                0x00000000000012b0                timing_ethanol_adder_leading
                0x00000000000014cc                timing_ethanol_adder_trailing
                0x00000000000016e8                PROVIDE (___stop_RomHole_calibrations, .)

FlexCANStruct   0x00000000000016e8       0x10
                0x00000000000016e8                PROVIDE (___start_FlexCANStruct, .)
 FlexCANStruct  0x00000000000016e8       0x10 C:\WorkSpace\TEST2\TEST2\Release\TEST2.o
                0x00000000000016e8                flex_can_setup
                0x00000000000016f8                PROVIDE (___stop_FlexCANStruct, .)

.rela.dyn       0x00000000000016f8        0x0
 .relaRomHole_ForCode
                0x0000000000000000        0x0 C:\WorkSpace\TEST2\TEST2\Release\TEST2.o
 .rela.text     0x0000000000000000        0x0 C:\WorkSpace\TEST2\TEST2\Release\TEST2.o

.eh_frame_hdr
 *(.eh_frame_hdr)

.eh_frame
 *(.eh_frame)

.jcr
 *(.jcr)

.tors           0x00000000000016f8        0x0
                0x00000000000016f8                __CTOR_LIST__ = .
                0x00000000000016f8                ___ctors = .
 *(.ctors)
                0x00000000000016f8                ___ctors_end = .
                0x00000000000016f8                __CTOR_END__ = .
                0x00000000000016f8                __DTOR_LIST__ = .
                0x00000000000016f8                ___dtors = .
 *(.dtors)
                0x00000000000016f8                ___dtors_end = .
                0x00000000000016f8                __DTOR_END__ = .
                0x00000000000016f8                _mdata = .

.data           0x00000000fff80000        0x0 load address 0x00000000000016f8
                0x00000000fff80000                _data = .
 *(.data)
 .data          0x00000000fff80000        0x0 C:\WorkSpace\TEST2\TEST2\Release\TEST2.o
 .data          0x00000000fff80000        0x0 C:\WorkSpace\TEST2\TEST2\Release\tables_test.o
 .data          0x00000000fff80000        0x0 C:\WorkSpace\TEST2\TEST2\Release\ROMHolesForCode.o
 .data          0x00000000fff80000        0x0 C:\WorkSpace\TEST2\TEST2\Release\RomAddresses.o
 .data          0x00000000fff80000        0x0 c:\program files (x86)\renesas\hew\tools\kpit\gnush-elf\v13.01\sh-elf\lib\gcc\sh-elf\4.7-GNUSH_v13.01\m2a\libgcc.a(_set_fpscr.o)
 *(.data.*)
                0x00000000fff80000                _edata = .

beans2          0x00000000fff80000        0x4 load address 0x00000000000016f8
                0x00000000fff80000                PROVIDE (___start_beans2, .)
 beans2         0x00000000fff80000        0x4 C:\WorkSpace\TEST2\TEST2\Release\TEST2.o
                0x00000000fff80000                timing_adder_leading_ptr
                0x00000000fff80004                PROVIDE (___stop_beans2, .)

beans           0x00000000fff80004        0x4 load address 0x00000000000016fc
                0x00000000fff80004                PROVIDE (___start_beans, .)
 beans          0x00000000fff80004        0x4 C:\WorkSpace\TEST2\TEST2\Release\TEST2.o
                0x00000000fff80004                timing_adder_trailing_ptr
                0x00000000fff80008                PROVIDE (___stop_beans, .)

RAMHole_forVariables
                0x00000000fff80008       0x18 load address 0x0000000000001700
                0x00000000fff80008                PROVIDE (___start_RAMHole_forVariables, .)
 RAMHole_forVariables
                0x00000000fff80008       0x18 C:\WorkSpace\TEST2\TEST2\Release\TEST2.o
                0x00000000fff80008                ethanol_content_pcnt
                0x00000000fff8000c                timing_adder_leading
                0x00000000fff80010                timing_adder_trailing
                0x00000000fff80014                timing_mult
                0x00000000fff80018                fuel_air_ratio
                0x00000000fff8001c                i
                0x00000000fff80020                PROVIDE (___stop_RAMHole_forVariables, .)

.gcc_exc
 *(.gcc_exc)

.bss            0x00000000fff80020        0x8 load address 0x0000000000001718
                0x00000000fff80020                _bss = .
 *(.bss)
 .bss           0x00000000fff80020        0x0 C:\WorkSpace\TEST2\TEST2\Release\TEST2.o
 .bss           0x00000000fff80020        0x0 C:\WorkSpace\TEST2\TEST2\Release\tables_test.o
 .bss           0x00000000fff80020        0x0 C:\WorkSpace\TEST2\TEST2\Release\ROMHolesForCode.o
 .bss           0x00000000fff80020        0x0 C:\WorkSpace\TEST2\TEST2\Release\RomAddresses.o
 .bss           0x00000000fff80020        0x0 c:\program files (x86)\renesas\hew\tools\kpit\gnush-elf\v13.01\sh-elf\lib\gcc\sh-elf\4.7-GNUSH_v13.01\m2a\libgcc.a(_set_fpscr.o)
 *(.bss.*)
 *(COMMON)
 COMMON         0x00000000fff80020        0x8 c:\program files (x86)\renesas\hew\tools\kpit\gnush-elf\v13.01\sh-elf\lib\gcc\sh-elf\4.7-GNUSH_v13.01\m2a\libgcc.a(_set_fpscr.o)
                0x00000000fff80020                __fpscr_values
                0x00000000fff80028                _ebss = .
                0x00000000fff80028                _end = .

.stack          0x00000000fffc0000        0x0
                0x00000000fffc0000                _stack = .
LOAD C:\WorkSpace\TEST2\TEST2\Release\TEST2.o
LOAD C:\WorkSpace\TEST2\TEST2\Release\tables_test.o
LOAD C:\WorkSpace\TEST2\TEST2\Release\ROMHolesForCode.o
LOAD C:\WorkSpace\TEST2\TEST2\Release\RomAddresses.o
START GROUP
LOAD c:\program files (x86)\renesas\hew\tools\kpit\gnush-elf\v13.01\sh-elf\lib\gcc\sh-elf\4.7-GNUSH_v13.01\m2a\libgcc-Os-4-200.a
LOAD c:\program files (x86)\renesas\hew\tools\kpit\gnush-elf\v13.01\sh-elf\lib\gcc\sh-elf\4.7-GNUSH_v13.01\m2a\libgcc.a
LOAD C:\WorkSpace\TEST2\TEST2\Release\libTEST2.a
END GROUP
OUTPUT(C:\WorkSpace\TEST2\TEST2\Release\TEST2.x elf32-sh)

.comment        0x0000000000000000       0x1c
 .comment       0x0000000000000000       0x1c C:\WorkSpace\TEST2\TEST2\Release\TEST2.o
                                         0x1d (size before relaxing)


==============================================================

Listfile generated by KPIT GNUSH [ELF]-v13.01 on Sunday, February 16, 2025, 23:26:05

Build options:

-T "C:\WorkSpace\TEST2\TEST2\Release\TEST2_Release_auto.gsi"
-T "C:\WorkSpace\TEST2\TEST2\Release\TEST2_input.tmp" 
-L "c:\program files (x86)\renesas\hew\tools\kpit\gnush-elf\v13.01\sh-elf\lib\gcc\sh-elf\4.7-GNUSH_v13.01\m2a"
-L "C:\WorkSpace\TEST2\TEST2\Release"
-Map "C:\WorkSpace\TEST2\TEST2\Release\TEST2.map"
-no-keep-memory
-S
--start-group -l "gcc-Os-4-200" -l "gcc" -l "TEST2" --end-group
-o "C:\WorkSpace\TEST2\TEST2\Release\TEST2.x"
-e _PowerON_Reset
INPUT("C:\WorkSpace\TEST2\TEST2\Release\TEST2.o")
INPUT("C:\WorkSpace\TEST2\TEST2\Release\tables_test.o")
INPUT("C:\WorkSpace\TEST2\TEST2\Release\ROMHolesForCode.o")
INPUT("C:\WorkSpace\TEST2\TEST2\Release\RomAddresses.o")
