
Memory Configuration

Name             Origin             Length             Attributes
*default*        0x0000000000000000 0xffffffffffffffff

Linker script and memory map


Zero            0x0000000000000000       0x3c
 *(.vects)
 Zero           0x0000000000000000       0x3c C:\WorkSpace\G_ROM_FlexFuel\G_ROM_FlexFuel\Debug\simulation_handlers.o

INTHanlder

.text           0x0000000000001000       0x2c
 *(.text)
 .text          0x0000000000001000        0x0 C:\WorkSpace\G_ROM_FlexFuel\G_ROM_FlexFuel\Debug\simulation_handlers.o
 .text          0x0000000000001000        0x0 C:\WorkSpace\G_ROM_FlexFuel\G_ROM_FlexFuel\Debug\RomAddresses.o
 .text          0x0000000000001000        0x0 C:\WorkSpace\G_ROM_FlexFuel\G_ROM_FlexFuel\Debug\pid_handler.o
 .text          0x0000000000001000       0x2c C:\WorkSpace\G_ROM_FlexFuel\G_ROM_FlexFuel\Debug\G_ROM_FlexFuel.o
                0x0000000000001000                delay_ms
 .text          0x000000000000102c        0x0 C:\WorkSpace\G_ROM_FlexFuel\G_ROM_FlexFuel\Debug\flex_calibrations.o
 .text          0x000000000000102c        0x0 C:\WorkSpace\G_ROM_FlexFuel\G_ROM_FlexFuel\Debug\_section_trailers.o
 *(.text.*)
                0x000000000000102c                etext = .

.init
 *(.init)

.fini
 *(.fini)

.got
 *(.got)
 *(.got.plt)

.rodata         0x000000000000102c        0x0
 *(.rodata)
 *(.rodata.*)
                0x000000000000102c                _erodata = .

.eh_frame_hdr
 *(.eh_frame_hdr)

.eh_frame
 *(.eh_frame)

.jcr
 *(.jcr)

.tors           0x000000000000102c        0x0
                0x000000000000102c                __CTOR_LIST__ = .
                0x000000000000102c                ___ctors = .
 *(.ctors)
                0x000000000000102c                ___ctors_end = .
                0x000000000000102c                __CTOR_END__ = .
                0x000000000000102c                __DTOR_LIST__ = .
                0x000000000000102c                ___dtors = .
 *(.dtors)
                0x000000000000102c                ___dtors_end = .
                0x000000000000102c                __DTOR_END__ = .
                0x000000000000102c                _mdata = .

RomHeader       0x0000000000002000        0xb
 RomHeader      0x0000000000002000        0xb C:\WorkSpace\G_ROM_FlexFuel\G_ROM_FlexFuel\Debug\_section_trailers.o

RSTHandler      0x0000000000004000       0x60
 RSTHandler     0x0000000000004000       0x60 C:\WorkSpace\G_ROM_FlexFuel\G_ROM_FlexFuel\Debug\simulation_handlers.o

kill_1          0x0000000000011166        0x4
 kill_1         0x0000000000011166        0x4 C:\WorkSpace\G_ROM_FlexFuel\G_ROM_FlexFuel\Debug\simulation_handlers.o

kill_2          0x000000000001119c        0x4
 kill_2         0x000000000001119c        0x4 C:\WorkSpace\G_ROM_FlexFuel\G_ROM_FlexFuel\Debug\simulation_handlers.o

.rela.dyn       0x00000000000111a0        0x0
 .relaRSTHandler
                0x0000000000000000        0x0 C:\WorkSpace\G_ROM_FlexFuel\G_ROM_FlexFuel\Debug\simulation_handlers.o
 .relaFlex_Patch_Address
                0x0000000000000000        0x0 C:\WorkSpace\G_ROM_FlexFuel\G_ROM_FlexFuel\Debug\simulation_handlers.o
 .relaFlex_Init_Address
                0x0000000000000000        0x0 C:\WorkSpace\G_ROM_FlexFuel\G_ROM_FlexFuel\Debug\simulation_handlers.o
 .relaEthanol_Content_Update
                0x0000000000000000        0x0 C:\WorkSpace\G_ROM_FlexFuel\G_ROM_FlexFuel\Debug\simulation_handlers.o
 .relaFlex_Patch_FuelAirRatio
                0x0000000000000000        0x0 C:\WorkSpace\G_ROM_FlexFuel\G_ROM_FlexFuel\Debug\simulation_handlers.o
 .relaExtendedLoggingPatch
                0x0000000000000000        0x0 C:\WorkSpace\G_ROM_FlexFuel\G_ROM_FlexFuel\Debug\simulation_handlers.o
 .relaRomHole_ForCode
                0x0000000000000000        0x0 C:\WorkSpace\G_ROM_FlexFuel\G_ROM_FlexFuel\Debug\simulation_handlers.o

Flex_Init_Address
                0x0000000000011340        0x4
 Flex_Init_Address
                0x0000000000011340        0x4 C:\WorkSpace\G_ROM_FlexFuel\G_ROM_FlexFuel\Debug\RomAddresses.o

Flex_Patch2

LeadingPointerPatch
                0x00000000000120e8        0x4
 LeadingPointerPatch
                0x00000000000120e8        0x4 C:\WorkSpace\G_ROM_FlexFuel\G_ROM_FlexFuel\Debug\G_ROM_FlexFuel.o
                0x00000000000120e8                timing_adder_leading_ptr

TrailingPointerPatch
                0x0000000000012178        0x4
 TrailingPointerPatch
                0x0000000000012178        0x4 C:\WorkSpace\G_ROM_FlexFuel\G_ROM_FlexFuel\Debug\G_ROM_FlexFuel.o
                0x0000000000012178                timing_adder_trailing_ptr

Flex_Patch_Address
                0x0000000000014404        0x4
 Flex_Patch_Address
                0x0000000000014404        0x4 C:\WorkSpace\G_ROM_FlexFuel\G_ROM_FlexFuel\Debug\RomAddresses.o

Ethanol_Content_Update
                0x000000000001a938        0x4
 Ethanol_Content_Update
                0x000000000001a938        0x4 C:\WorkSpace\G_ROM_FlexFuel\G_ROM_FlexFuel\Debug\RomAddresses.o

Flex_CAN_216_pase_bypass
                0x0000000000029784        0x2
 Flex_CAN_216_pase_bypass
                0x0000000000029784        0x2 C:\WorkSpace\G_ROM_FlexFuel\G_ROM_FlexFuel\Debug\RomAddresses.o

Flex_CAN_Unpack_Address
                0x0000000000029860       0x1c
 Flex_CAN_Unpack_Address
                0x0000000000029860       0x1c C:\WorkSpace\G_ROM_FlexFuel\G_ROM_FlexFuel\Debug\G_ROM_FlexFuel.o
                0x0000000000029860                flexCANUnpack

Flex_CAN_Unpack_Address_END

Flex_Patch_FuelAirRatio
                0x0000000000030ccc        0x4
 Flex_Patch_FuelAirRatio
                0x0000000000030ccc        0x4 C:\WorkSpace\G_ROM_FlexFuel\G_ROM_FlexFuel\Debug\RomAddresses.o

FlexCANStruct   0x000000000004bd24       0x10
 FlexCANStruct  0x000000000004bd24       0x10 C:\WorkSpace\G_ROM_FlexFuel\G_ROM_FlexFuel\Debug\G_ROM_FlexFuel.o
                0x000000000004bd24                flex_can_setup

Mode22EthanolPatch

ExtendedLoggingPatch
                0x0000000000054c44        0x4
 ExtendedLoggingPatch
                0x0000000000054c44        0x4 C:\WorkSpace\G_ROM_FlexFuel\G_ROM_FlexFuel\Debug\RomAddresses.o

ExtendedLoggingCodeHole

RomHole_ForCode
                0x000000000006b000      0x64d
 *(.rodata)
 RomHole_ForCode
                0x000000000006b000      0x32c C:\WorkSpace\G_ROM_FlexFuel\G_ROM_FlexFuel\Debug\pid_handler.o
                0x000000000006b000                getColdStartEnrichmentMode22
                0x000000000006b034                getFlexCrankingMultMode22
                0x000000000006b068                getFlexSensorStatusMode22
                0x000000000006b0a8                getOLFuelTargetMode22
                0x000000000006b0dc                getFuelAirRatioFilteredMode22
                0x000000000006b110                getFlexTrailingAdderMode22
                0x000000000006b148                getFlexLeadingAdderMode22
                0x000000000006b180                getFlexMultiplierMode22
                0x000000000006b1b4                getEthanolContentMode22
                0x000000000006b1e4                extendedMode22PIDLookup
 RomHole_ForCode
                0x000000000006b32c      0x308 C:\WorkSpace\G_ROM_FlexFuel\G_ROM_FlexFuel\Debug\G_ROM_FlexFuel.o
                0x000000000006b32c                setCrankingInjectorPulseTime_FlexFuel
                0x000000000006b364                initFlexFuelCalcs
                0x000000000006b3e8                func
                0x000000000006b41c                getFlexMetrics
                0x000000000006b4cc                getEthanolContent
                0x000000000006b578                getCrankingFuelMult
                0x000000000006b5bc                calcTimingAdders
                0x000000000006b618                runFlexFuelCalcs
 RomHole_ForCode
                0x000000000006b634       0x19 C:\WorkSpace\G_ROM_FlexFuel\G_ROM_FlexFuel\Debug\_section_trailers.o

RomHole_calibrations
                0x000000000006c400      0x64d
 RomHole_calibrations
                0x000000000006c400        0x8 C:\WorkSpace\G_ROM_FlexFuel\G_ROM_FlexFuel\Debug\G_ROM_FlexFuel.o
                0x000000000006c400                ethanol_content_sample_thresh_load
                0x000000000006c404                ethanol_content_sample_thresh_rpm
 RomHole_calibrations
                0x000000000006c408      0x62c C:\WorkSpace\G_ROM_FlexFuel\G_ROM_FlexFuel\Debug\flex_calibrations.o
                0x000000000006c408                Start_Ethanol_Tables
                0x000000000006c408                ethanol_content_to_fuel_air_ratio_table_2d
                0x000000000006c414                ethanol_content_x
                0x000000000006c444                fuel_air_ratio_table
                0x000000000006c474                ethanol_content_to_timing_mult
                0x000000000006c480                ethanol_content_x_for_timing_mult
                0x000000000006c4b0                timing_mult_tbl
                0x000000000006c4e0                timing_ethanol_adder_leading
                0x000000000006c4fc                engine_load_e_timing_leading_axis_X
                0x000000000006c54c                engine_speed_e_timing_leading_axis_Y
                0x000000000006c594                e_timing_leading_data
                0x000000000006c6fc                timing_ethanol_adder_trailing
                0x000000000006c718                engine_load_e_timing_trailing_axis_X
                0x000000000006c768                engine_speed_e_timing_trailing_axis_Y
                0x000000000006c7b0                e_timing_trailing_data
                0x000000000006c918                ethanol_content_to_cranking_fuel_3d
                0x000000000006c934                ethanol_content_for_cranking_mult_x
                0x000000000006c964                coolant_temp_for_cranking_y
                0x000000000006c998                cranking_fuel_mult_tbl
 RomHole_calibrations
                0x000000000006ca34       0x19 C:\WorkSpace\G_ROM_FlexFuel\G_ROM_FlexFuel\Debug\_section_trailers.o

RomHole_ForPidStruct
                0x000000000006ccc0       0x6c
 RomHole_ForPidStruct
                0x000000000006ccc0       0x6c C:\WorkSpace\G_ROM_FlexFuel\G_ROM_FlexFuel\Debug\pid_handler.o
                0x000000000006ccc0                extendo_pid

CalHeader       0x000000000006d346        0xb
 CalHeader      0x000000000006d346        0xb C:\WorkSpace\G_ROM_FlexFuel\G_ROM_FlexFuel\Debug\_section_trailers.o

Flex_CAN_Timeout_Val
                0x000000000006d485        0x1
 Flex_CAN_Timeout_Val
                0x000000000006d485        0x1 C:\WorkSpace\G_ROM_FlexFuel\G_ROM_FlexFuel\Debug\G_ROM_FlexFuel.o
                0x000000000006d485                flex_can_timeout_counts

Misc            0x0000000000080000       0x58
 Misc           0x0000000000080000       0x58 C:\WorkSpace\G_ROM_FlexFuel\G_ROM_FlexFuel\Debug\G_ROM_FlexFuel.o
                0x0000000000080000                SetValues

.stack          0x0000000073fffbf0        0x0
                0x0000000073fffbf0                _stack = .

.data           0x00000000ffff6000        0x0 load address 0x000000000000102c
                0x00000000ffff6000                _data = .
 *(.data)
 .data          0x00000000ffff6000        0x0 C:\WorkSpace\G_ROM_FlexFuel\G_ROM_FlexFuel\Debug\simulation_handlers.o
 .data          0x00000000ffff6000        0x0 C:\WorkSpace\G_ROM_FlexFuel\G_ROM_FlexFuel\Debug\RomAddresses.o
 .data          0x00000000ffff6000        0x0 C:\WorkSpace\G_ROM_FlexFuel\G_ROM_FlexFuel\Debug\pid_handler.o
 .data          0x00000000ffff6000        0x0 C:\WorkSpace\G_ROM_FlexFuel\G_ROM_FlexFuel\Debug\G_ROM_FlexFuel.o
 .data          0x00000000ffff6000        0x0 C:\WorkSpace\G_ROM_FlexFuel\G_ROM_FlexFuel\Debug\flex_calibrations.o
 .data          0x00000000ffff6000        0x0 C:\WorkSpace\G_ROM_FlexFuel\G_ROM_FlexFuel\Debug\_section_trailers.o
 *(.data.*)
                0x00000000ffff6000                _edata = .

FlexCrankingInjectorPWPatch
                0x00000000ffff6000        0x4 load address 0x000000000000102c
                0x00000000ffff6000                PROVIDE (___start_FlexCrankingInjectorPWPatch, .)
 FlexCrankingInjectorPWPatch
                0x00000000ffff6000        0x4 C:\WorkSpace\G_ROM_FlexFuel\G_ROM_FlexFuel\Debug\G_ROM_FlexFuel.o
                0x00000000ffff6000                cranking_injector_pw_func_ptr
                0x00000000ffff6004                PROVIDE (___stop_FlexCrankingInjectorPWPatch, .)

.gcc_exc
 *(.gcc_exc)

.bss            0x00000000ffff6004        0x0 load address 0x0000000000001030
                0x00000000ffff6004                _bss = .
 *(.bss)
 .bss           0x00000000ffff6004        0x0 C:\WorkSpace\G_ROM_FlexFuel\G_ROM_FlexFuel\Debug\simulation_handlers.o
 .bss           0x00000000ffff6004        0x0 C:\WorkSpace\G_ROM_FlexFuel\G_ROM_FlexFuel\Debug\RomAddresses.o
 .bss           0x00000000ffff6004        0x0 C:\WorkSpace\G_ROM_FlexFuel\G_ROM_FlexFuel\Debug\pid_handler.o
 .bss           0x00000000ffff6004        0x0 C:\WorkSpace\G_ROM_FlexFuel\G_ROM_FlexFuel\Debug\G_ROM_FlexFuel.o
 .bss           0x00000000ffff6004        0x0 C:\WorkSpace\G_ROM_FlexFuel\G_ROM_FlexFuel\Debug\flex_calibrations.o
 .bss           0x00000000ffff6004        0x0 C:\WorkSpace\G_ROM_FlexFuel\G_ROM_FlexFuel\Debug\_section_trailers.o
 *(.bss.*)
 *(COMMON)
                0x00000000ffff6004                _ebss = .
                0x00000000ffff6004                _end = .

RAMHole_forVariables
                0x00000000ffffdd00       0x38
 RAMHole_forVariables
                0x00000000ffffdd00       0x38 C:\WorkSpace\G_ROM_FlexFuel\G_ROM_FlexFuel\Debug\G_ROM_FlexFuel.o
                0x00000000ffffdd00                cranking_fuel_mult
                0x00000000ffffdd04                timing_mult_FF
                0x00000000ffffdd08                timing_mult_filtered
                0x00000000ffffdd0c                fuel_air_ratio_FF
                0x00000000ffffdd10                alive_count
                0x00000000ffffdd14                flex_can_valid_prevLoop
                0x00000000ffffdd15                flex_can_valid
                0x00000000ffffdd18                ethanol_content_last_valid_pcnt
                0x00000000ffffdd1c                ethanol_content_pcnt
                0x00000000ffffdd20                timing_adder_leading
                0x00000000ffffdd24                timing_adder_trailing
                0x00000000ffffdd28                timing_mult
                0x00000000ffffdd2c                fuel_air_ratio_filtered
                0x00000000ffffdd30                fuel_air_ratio
                0x00000000ffffdd34                i
LOAD C:\WorkSpace\G_ROM_FlexFuel\G_ROM_FlexFuel\Debug\simulation_handlers.o
LOAD C:\WorkSpace\G_ROM_FlexFuel\G_ROM_FlexFuel\Debug\RomAddresses.o
LOAD C:\WorkSpace\G_ROM_FlexFuel\G_ROM_FlexFuel\Debug\pid_handler.o
LOAD C:\WorkSpace\G_ROM_FlexFuel\G_ROM_FlexFuel\Debug\G_ROM_FlexFuel.o
LOAD C:\WorkSpace\G_ROM_FlexFuel\G_ROM_FlexFuel\Debug\flex_calibrations.o
LOAD C:\WorkSpace\G_ROM_FlexFuel\G_ROM_FlexFuel\Debug\_section_trailers.o
START GROUP
LOAD C:\WorkSpace\G_ROM_FlexFuel\G_ROM_FlexFuel\Debug\libG_ROM_FlexFuel.a
LOAD c:\program files (x86)\renesas\hew\tools\kpit\gnush-elf\v13.01\sh-elf\lib\gcc\sh-elf\4.7-GNUSH_v13.01\mrenesas\m2e\libgcc-Os-4-200.a
LOAD c:\program files (x86)\renesas\hew\tools\kpit\gnush-elf\v13.01\sh-elf\lib\gcc\sh-elf\4.7-GNUSH_v13.01\mrenesas\m2e\libgcc.a
END GROUP
OUTPUT(C:\WorkSpace\G_ROM_FlexFuel\G_ROM_FlexFuel\Debug\G_ROM_FlexFuel.x elf32-sh)

.debug_line     0x0000000000000000      0x342
 .debug_line    0x0000000000000000       0xb2 C:\WorkSpace\G_ROM_FlexFuel\G_ROM_FlexFuel\Debug\simulation_handlers.o
 .debug_line    0x00000000000000b2       0x69 C:\WorkSpace\G_ROM_FlexFuel\G_ROM_FlexFuel\Debug\RomAddresses.o
 .debug_line    0x000000000000011b       0xed C:\WorkSpace\G_ROM_FlexFuel\G_ROM_FlexFuel\Debug\pid_handler.o
 .debug_line    0x0000000000000208      0x13a C:\WorkSpace\G_ROM_FlexFuel\G_ROM_FlexFuel\Debug\G_ROM_FlexFuel.o

.debug_info     0x0000000000000000      0xd5a
 .debug_info    0x0000000000000000       0xa1 C:\WorkSpace\G_ROM_FlexFuel\G_ROM_FlexFuel\Debug\simulation_handlers.o
 .debug_info    0x00000000000000a1       0x9e C:\WorkSpace\G_ROM_FlexFuel\G_ROM_FlexFuel\Debug\RomAddresses.o
 .debug_info    0x000000000000013f      0x5ff C:\WorkSpace\G_ROM_FlexFuel\G_ROM_FlexFuel\Debug\pid_handler.o
 .debug_info    0x000000000000073e      0x61c C:\WorkSpace\G_ROM_FlexFuel\G_ROM_FlexFuel\Debug\G_ROM_FlexFuel.o

.debug_abbrev   0x0000000000000000      0x33d
 .debug_abbrev  0x0000000000000000       0x12 C:\WorkSpace\G_ROM_FlexFuel\G_ROM_FlexFuel\Debug\simulation_handlers.o
 .debug_abbrev  0x0000000000000012       0x14 C:\WorkSpace\G_ROM_FlexFuel\G_ROM_FlexFuel\Debug\RomAddresses.o
 .debug_abbrev  0x0000000000000026      0x147 C:\WorkSpace\G_ROM_FlexFuel\G_ROM_FlexFuel\Debug\pid_handler.o
 .debug_abbrev  0x000000000000016d      0x1d0 C:\WorkSpace\G_ROM_FlexFuel\G_ROM_FlexFuel\Debug\G_ROM_FlexFuel.o

.debug_aranges  0x0000000000000000      0x128
 .debug_aranges
                0x0000000000000000       0x30 C:\WorkSpace\G_ROM_FlexFuel\G_ROM_FlexFuel\Debug\simulation_handlers.o
 .debug_aranges
                0x0000000000000030       0x20 C:\WorkSpace\G_ROM_FlexFuel\G_ROM_FlexFuel\Debug\RomAddresses.o
 .debug_aranges
                0x0000000000000050       0x68 C:\WorkSpace\G_ROM_FlexFuel\G_ROM_FlexFuel\Debug\pid_handler.o
 .debug_aranges
                0x00000000000000b8       0x70 C:\WorkSpace\G_ROM_FlexFuel\G_ROM_FlexFuel\Debug\G_ROM_FlexFuel.o

.debug_ranges   0x0000000000000000       0xe0
 .debug_ranges  0x0000000000000000       0x28 C:\WorkSpace\G_ROM_FlexFuel\G_ROM_FlexFuel\Debug\simulation_handlers.o
 .debug_ranges  0x0000000000000028       0x58 C:\WorkSpace\G_ROM_FlexFuel\G_ROM_FlexFuel\Debug\pid_handler.o
 .debug_ranges  0x0000000000000080       0x60 C:\WorkSpace\G_ROM_FlexFuel\G_ROM_FlexFuel\Debug\G_ROM_FlexFuel.o

.debug_loc      0x0000000000000000      0x634
 .debug_loc     0x0000000000000000      0x49d C:\WorkSpace\G_ROM_FlexFuel\G_ROM_FlexFuel\Debug\pid_handler.o
 .debug_loc     0x000000000000049d      0x197 C:\WorkSpace\G_ROM_FlexFuel\G_ROM_FlexFuel\Debug\G_ROM_FlexFuel.o

.debug_str      0x0000000000000000      0x69a
 .debug_str     0x0000000000000000      0x287 C:\WorkSpace\G_ROM_FlexFuel\G_ROM_FlexFuel\Debug\pid_handler.o
                                        0x299 (size before relaxing)
 .debug_str     0x0000000000000287      0x413 C:\WorkSpace\G_ROM_FlexFuel\G_ROM_FlexFuel\Debug\G_ROM_FlexFuel.o
                                        0x4e7 (size before relaxing)

.comment        0x0000000000000000       0x1c
 .comment       0x0000000000000000       0x1c C:\WorkSpace\G_ROM_FlexFuel\G_ROM_FlexFuel\Debug\pid_handler.o
                                         0x1d (size before relaxing)
 .comment       0x0000000000000000       0x1d C:\WorkSpace\G_ROM_FlexFuel\G_ROM_FlexFuel\Debug\G_ROM_FlexFuel.o

.debug_frame    0x0000000000000000      0x250
 .debug_frame   0x0000000000000000      0x12c C:\WorkSpace\G_ROM_FlexFuel\G_ROM_FlexFuel\Debug\pid_handler.o
 .debug_frame   0x000000000000012c      0x124 C:\WorkSpace\G_ROM_FlexFuel\G_ROM_FlexFuel\Debug\G_ROM_FlexFuel.o


==============================================================

Listfile generated by KPIT GNUSH [ELF]-v13.01 on Monday, December 22, 2025, 16:47:22

Build options:

-T "C:\WorkSpace\G_ROM_FlexFuel\G_ROM_FlexFuel\Debug\G_ROM_FlexFuel_Debug_auto.gsi"
-T "C:\WorkSpace\G_ROM_FlexFuel\G_ROM_FlexFuel\Debug\G_ROM_FlexFuel_input.tmp" 
-L "c:\program files (x86)\renesas\hew\tools\kpit\gnush-elf\v13.01\sh-elf\lib\gcc\sh-elf\4.7-GNUSH_v13.01\mrenesas\m2e"
-L "C:\WorkSpace\G_ROM_FlexFuel\G_ROM_FlexFuel\Debug"
-Map "C:\WorkSpace\G_ROM_FlexFuel\G_ROM_FlexFuel\Debug\G_ROM_FlexFuel.map"
-renesas
--start-group -l "G_ROM_FlexFuel" -l "gcc-Os-4-200" -l "gcc" --end-group
-o "C:\WorkSpace\G_ROM_FlexFuel\G_ROM_FlexFuel\Debug\G_ROM_FlexFuel.x"
-e _ResetHandler
-N
INPUT("C:\WorkSpace\G_ROM_FlexFuel\G_ROM_FlexFuel\Debug\simulation_handlers.o")
INPUT("C:\WorkSpace\G_ROM_FlexFuel\G_ROM_FlexFuel\Debug\RomAddresses.o")
INPUT("C:\WorkSpace\G_ROM_FlexFuel\G_ROM_FlexFuel\Debug\pid_handler.o")
INPUT("C:\WorkSpace\G_ROM_FlexFuel\G_ROM_FlexFuel\Debug\G_ROM_FlexFuel.o")
INPUT("C:\WorkSpace\G_ROM_FlexFuel\G_ROM_FlexFuel\Debug\flex_calibrations.o")
INPUT("C:\WorkSpace\G_ROM_FlexFuel\G_ROM_FlexFuel\Debug\_section_trailers.o")
